Invalid Opcode Error: 	                                        